# OSU MPI Bandwidth Test v5.8
# Size      Bandwidth (MB/s)
1                       1.87
2                       3.75
4                       7.48
8                      15.01
16                     30.03
32                     59.83
64                    117.99
128                   235.07
256                   447.46
512                   878.19
1024                 1636.10
2048                 3974.54
4096                 5603.15
8192                 8519.39
16384                9200.57
32768                9715.69
65536               11941.32
131072              12121.93
262144              12231.69
524288              12287.54
1048576             12316.82
2097152             12330.70
4194304             12338.26
