# OSU MPI Bandwidth Test v5.8
# Size      Bandwidth (MB/s)
1                       1.91
2                       3.83
4                       7.67
8                      15.34
16                     30.67
32                     60.92
64                    120.95
128                   240.33
256                   454.19
512                   897.49
1024                 1734.26
2048                 3885.15
4096                 5968.86
8192                 8930.54
16384                8774.10
32768                9775.13
65536               12010.88
131072              12160.69
262144              12250.12
524288              12217.26
1048576             12322.22
2097152             12333.34
4194304             12339.50
